{
  "object1": {
    "value": {"name":"John"}
  },
  "object2": {
    "value": { "name": "Tim" }
  },
  "string": {
    "value": "Hello John"
  },
  "stringWithBadlyCaseType": {
    "value": "Hello again John"
  },
  "aSecureObject": {
    "value": {"Value":"Foo"}
  },
  "int": {
    "value": 40
  },
  "bool": {
    "value": true
  },
  "array": {
    "value": [ { "points": 67 }, { "points": 77 } ]
  },
  "int2": {
    "value": 55
  },
  "bool2": {
    "value": true
  },
  "array2": {
    "value": ["foo","bar"]
  },
  "complex": {
    "value": "Hello Oliver Smith"
  }
}