[Verbose] Temporary kubectl config set to <path>kubectl-octo.yml
[Verbose] "kubectl" version --client --short
[Verbose] "kubectl" config set-cluster octocluster --server=<server>
[Verbose] "kubectl" config set-context octocontext --user=octouser --cluster=octocluster --namespace=my-special-namespace
[Verbose] "kubectl" config use-context octocontext
[Verbose] "kubectl" config set-cluster octocluster --insecure-skip-tls-verify=true
[Info] Creating kubectl context to <server> (namespace my-special-namespace) using a Token
[Verbose] "kubectl" config set-credentials octouser --token=<token>
