[Verbose] Temporary kubectl config set to <path>kubectl-octo.yml
[Verbose] "kubectl" version --client --short
[Verbose] "kubectl" config set-cluster octocluster --server=<server>
[Verbose] "kubectl" config set-context octocontext --user=octouser --cluster=octocluster --namespace=calamari-testing
[Verbose] "kubectl" config use-context octocontext
[Verbose] "kubectl" config set-cluster octocluster --insecure-skip-tls-verify=true
[Error] Account Type not valid is currently not valid for kubectl contexts
