[Verbose] "chmod" u=rw,g=,o= <path>\kubectl-octo.yml
[Verbose] Temporary kubectl config set to <path>\kubectl-octo.yml
[Verbose] "kubectl" version --client --short
[Verbose] "kubectl" config set-cluster octocluster --server=<server>
[Verbose] "kubectl" config set-context octocontext --user=octouser --cluster=octocluster --namespace=calamari-testing
[Verbose] "kubectl" config use-context octocontext
[Verbose] "kubectl" config set-cluster octocluster --insecure-skip-tls-verify=true
[Verbose] "kubectl" config set-credentials octouser --username=myusername --password=<password>
