[Verbose] "chmod" u=rw,g=,o= <path>kubectl-octo.yml
[Verbose] Temporary kubectl config set to <path>kubectl-octo.yml
[Verbose] "kubectl" version --client --short
[Verbose] "kubectl" config set-cluster octocluster --server=<server>
[Verbose] "kubectl" config set-context octocontext --user=octouser --cluster=octocluster --namespace=calamari-testing
[Verbose] "kubectl" config use-context octocontext
[Verbose] "kubectl" config set-cluster octocluster --insecure-skip-tls-verify=true
[Info] Creating kubectl context to <server> (namespace calamari-testing) using EKS cluster name my-eks-cluster
users:
- name: aws
  user:
    exec:
      apiVersion: client.authentication.k8s.io/v1alpha1
      command: aws-iam-authenticator
      args:
        - "token"
        - "-i"
        - "my-eks-cluster"
