[Verbose] Temporary kubectl config set to <path>kubectl-octo.yml
[Verbose] "kubectl" version --client --short
[Verbose] "az" cloud set --name AzureCloud
[Verbose] Azure CLI: Authenticating with Service Principal
[Verbose] "az" login --service-principal --username="azClientId" --password="azPassword" --tenant="azTenantId"
[Verbose] Azure CLI: Setting active subscription to azSubscriptionId
[Verbose] "az" account set --subscription azSubscriptionId
[Info] Successfully authenticated with the Azure CLI
[Info] Creating kubectl context to AKS Cluster in resource group clusterRG called  (namespace calamari-testing) using a AzureServicePrincipal
[Verbose] "az" aks get-credentials --resource-group clusterRG --name --file <path>kubectl-octo.yml --overwrite-existing --admin
[Verbose] "kubectl" config set-context -admin --namespace=calamari-testing
